Microchip MPLAB XC8 Compiler V1.12 ()

Linker command line:

--edf=/Applications/microchip/xc8/v1.12/dat/en_msgs.txt -cs \
  -h+dist/default/production/SecurityNode.X.production.sym -z -Q18F23K22 \
  -ol.obj -Mdist/default/production/SecurityNode.X.production.map -E1 \
  -ver=XC8 -ACODE=00h-01FFFh -ACONST=00h-01FFFh -ASMALLCONST=0200h-02FFhx30 \
  -AMEDIUMCONST=0200h-01FFFh -ACOMRAM=01h-05Fh -AABS1=00h-01FFh \
  -ABIGRAM=01h-01FFh -ARAM=060h-0FFh,0100h-01FFh -ABANK0=060h-0FFh \
  -ABANK1=0100h-01FFh -ASFR=0F38h-0F5Fh,0F60h-0FFFh \
  -preset_vec=00h,intcode,intcodelo,powerup,init,end_init -pramtop=0200h \
  -psmallconst=SMALLCONST -pmediumconst=MEDIUMCONST -pconst=CONST \
  -AFARRAM=00h-00h -ACONFIG=0300000h-030000Dh -pconfig=CONFIG \
  -AIDLOC=0200000h-0200007h -pidloc=IDLOC -AEEDATA=0F00000h-0F000FFh \
  -peeprom_data=EEDATA \
  -prdata=COMRAM,nvrram=COMRAM,nvbit=COMRAM,rbss=COMRAM,rbit=COMRAM \
  -pfarbss=FARRAM,fardata=FARRAM \
  -pintsave_regs=BIGRAM,bigbss=BIGRAM,bigdata=BIGRAM -pbss=RAM \
  -pidata=CODE,irdata=CODE,ibigdata=CODE,ifardata=CODE /tmp/cgt4enAVQ.obj \
  dist/default/production/SecurityNode.X.production.obj 

Object code version is 3.10

Machine type is 18F23K22

Call graph: (short form)




                Name                               Link     Load   Length Selector   Space Scale
/tmp/cgt4enAVQ.obj
                end_init                              0        0        4        0       0
                idloc                            200000   200000        8   200000       0
                config                           300000   300000        E   300000       0
dist/default/production/SecurityNode.X.production.obj
                text3                              1D74     1D74       34      EBA       0
                text2                              1E52     1E52       D2      F29       0
                text1                              1F24     1F24       DC      F92       0
                cstackCOMRAM                          1        1        8        1       1
                bssCOMRAM                             9        9        2        1       1
                cinit                              1D6A     1D6A        A      EB5       0
                text0                              1DA8     1DA8       AA      ED4       0

TOTAL           Name                               Link     Load   Length     Space
        CLASS   CODE           
                end_init                              0        0        4         0
                text3                              1D74     1D74       34         0
                text2                              1E52     1E52       D2         0
                text1                              1F24     1F24       DC         0
                cinit                              1D6A     1D6A        A         0
                text0                              1DA8     1DA8       AA         0

        CLASS   CONST          

        CLASS   SMALLCONST     

        CLASS   MEDIUMCONST    

        CLASS   COMRAM         
                cstackCOMRAM                          1        1        8         1
                bssCOMRAM                             9        9        2         1

        CLASS   ABS1           

        CLASS   BIGRAM         

        CLASS   RAM            

        CLASS   BANK0          

        CLASS   BANK1          

        CLASS   SFR            

        CLASS   FARRAM         

        CLASS   CONFIG         
                config                           300000   300000        E         0

        CLASS   IDLOC          
                idloc                            200000   200000        8         0

        CLASS   EEDATA         



SEGMENTS        Name                           Load    Length   Top    Selector   Space  Class

                reset_vec                      000000  000004  000004         0       0  CODE    
                cstackCOMRAM                   000001  00000A  00000B         1       1  COMRAM  
                cinit                          001D6A  00000A  001D74       EB5       0  CODE    
                text3                          001D74  000034  001DA8       EBA       0  CODE    
                text0                          001DA8  0000AA  001E52       ED4       0  CODE    
                text2                          001E52  0000D2  001F24       F29       0  CODE    
                text1                          001F24  0000DC  002000       F92       0  CODE    
                idloc                          200000  000008  200008    200000       0  IDLOC   
                config                         300000  00000E  30000E    300000       0  CONFIG  


UNUSED ADDRESS RANGES

        Name                Unused          Largest block    Delta
        BANK0            000060-0000FF               A0
        BANK1            000100-0001FF              100
        BIGRAM           00000B-0001FF              1F5
        CODE             000004-001D69             1D66
        COMRAM           00000B-00005F               55
        CONST            000004-001D69             1D66
        EEDATA           F00000-F000FF              100
        MEDIUMCONST      000200-001D69             1B6A
        RAM              000060-0001FF               A0
        SFR              000F38-000FFF               28
        SMALLCONST       000200-001D69              100

                                  Symbol Table

_ANSELAbits              (abs)        000F38
_LATBbits                (abs)        000F8A
_LATCbits                (abs)        000F8B
_OSCCONbits              (abs)        000FD3
_OSCTUNEbits             (abs)        000F9B
_PORTAbits               (abs)        000F80
_TRISAbits               (abs)        000F92
_TRISBbits               (abs)        000F93
_TRISCbits               (abs)        000F94
__CFG_BOREN$NOSLP        (abs)        000000
__CFG_BORV$285           (abs)        000000
__CFG_CCP3MX$PORTC6      (abs)        000000
__CFG_CP0$OFF            (abs)        000000
__CFG_CP1$OFF            (abs)        000000
__CFG_CPB$OFF            (abs)        000000
__CFG_CPD$OFF            (abs)        000000
__CFG_DEBUG$OFF          (abs)        000000
__CFG_EBTR0$OFF          (abs)        000000
__CFG_EBTR1$OFF          (abs)        000000
__CFG_EBTRB$OFF          (abs)        000000
__CFG_FCMEN$OFF          (abs)        000000
__CFG_FOSC$INTIO67       (abs)        000000
__CFG_IESO$OFF           (abs)        000000
__CFG_LVP$OFF            (abs)        000000
__CFG_MCLRE$INTMCLR      (abs)        000000
__CFG_P2BMX$PORTC0       (abs)        000000
__CFG_PBADEN$OFF         (abs)        000000
__CFG_PLLCFG$ON          (abs)        000000
__CFG_PRICLKEN$ON        (abs)        000000
__CFG_PWRTEN$ON          (abs)        000000
__CFG_T3CMX$PORTC0       (abs)        000000
__CFG_WDTEN$OFF          (abs)        000000
__CFG_WRT0$OFF           (abs)        000000
__CFG_WRT1$OFF           (abs)        000000
__CFG_WRTB$OFF           (abs)        000000
__CFG_WRTC$OFF           (abs)        000000
__CFG_WRTD$OFF           (abs)        000000
__CFG_XINST$OFF          (abs)        000000
__HRAM                   (abs)        000000
__Habs1                  abs1         000000
__Hbank0                 bank0        000000
__Hbank1                 bank1        000000
__Hbigbss                bigbss       000000
__Hbigdata               bigdata      000000
__Hbigram                bigram       000000
__Hbss                   bss          000000
__HbssCOMRAM             bssCOMRAM    000000
__Hcinit                 cinit        000000
__Hclrtext               clrtext      000000
__Hcomram                comram       000000
__Hconfig                config       30000E
__Hconst                 const        000000
__HcstackCOMRAM          cstackCOMRAM 000000
__Hdata                  data         000000
__Heeprom_data           eeprom_data  000000
__Hend_init              end_init     000004
__Hfarbss                farbss       000000
__Hfardata               fardata      000000
__Hibigdata              ibigdata     000000
__Hidata                 idata        000000
__Hidloc                 idloc        200008
__Hifardata              ifardata     000000
__Hinit                  init         000000
__Hintcode               intcode      000000
__Hintcode_body          intcode_body 000000
__Hintcodelo             intcodelo    000000
__Hintentry              intentry     000000
__Hintret                intret       000000
__Hintsave_regs          intsave_regs 000000
__Hirdata                irdata       000000
__Hmediumconst           mediumconst  000000
__Hnvbit                 nvbit        000000
__Hnvrram                nvrram       000000
__Hparam                 rparam       000000
__Hpowerup               powerup      000000
__Hram                   ram          000000
__Hramtop                ramtop       000200
__Hrbit                  rbit         000000
__Hrbss                  rbss         000000
__Hrdata                 rdata        000000
__Hreset_vec             reset_vec    000000
__Hrparam                rparam       000000
__Hsfr                   sfr          000000
__Hsmallconst            smallconst   000000
__Hstruct                struct       000000
__Htemp                  temp         000000
__Htext                  text         000000
__Htext0                 text0        000000
__Htext1                 text1        000000
__Htext2                 text2        000000
__Htext3                 text3        000000
__Htext4                 text4        000000
__LRAM                   (abs)        000001
__Labs1                  abs1         000000
__Lbank0                 bank0        000000
__Lbank1                 bank1        000000
__Lbigbss                bigbss       000000
__Lbigdata               bigdata      000000
__Lbigram                bigram       000000
__Lbss                   bss          000000
__LbssCOMRAM             bssCOMRAM    000000
__Lcinit                 cinit        000000
__Lclrtext               clrtext      000000
__Lcomram                comram       000000
__Lconfig                config       300000
__Lconst                 const        000000
__LcstackCOMRAM          cstackCOMRAM 000000
__Ldata                  data         000000
__Leeprom_data           eeprom_data  000000
__Lend_init              end_init     000000
__Lfarbss                farbss       000000
__Lfardata               fardata      000000
__Libigdata              ibigdata     000000
__Lidata                 idata        000000
__Lidloc                 idloc        200000
__Lifardata              ifardata     000000
__Linit                  init         000000
__Lintcode               intcode      000000
__Lintcode_body          intcode_body 000000
__Lintcodelo             intcodelo    000000
__Lintentry              intentry     000000
__Lintret                intret       000000
__Lintsave_regs          intsave_regs 000000
__Lirdata                irdata       000000
__Lmediumconst           mediumconst  000000
__Lnvbit                 nvbit        000000
__Lnvrram                nvrram       000000
__Lparam                 rparam       000000
__Lpowerup               powerup      000000
__Lram                   ram          000000
__Lramtop                ramtop       000200
__Lrbit                  rbit         000000
__Lrbss                  rbss         000000
__Lrdata                 rdata        000000
__Lreset_vec             reset_vec    000000
__Lrparam                rparam       000000
__Lsfr                   sfr          000000
__Lsmallconst            smallconst   000000
__Lstruct                struct       000000
__Ltemp                  temp         000000
__Ltext                  text         000000
__Ltext0                 text0        000000
__Ltext1                 text1        000000
__Ltext2                 text2        000000
__Ltext3                 text3        000000
__Ltext4                 text4        000000
__S0                     (abs)        30000E
__S1                     (abs)        00000B
__accesstop              (abs)        000060
__activetblptr           (abs)        000000
__end_of__initialization cinit        001D6E
__end_of_boot            text2        001F24
__end_of_initialize      text3        001DA8
__end_of_main            text0        001E52
__end_of_motor           text1        002000
__initialization         cinit        001D6A
__mediumconst            mediumconst  000000
__pbssCOMRAM             bssCOMRAM    000009
__pcinit                 cinit        001D6A
__pcstackCOMRAM          cstackCOMRAM 000001
__ptext0                 text0        001DA8
__ptext1                 text1        001F24
__ptext2                 text2        001E52
__ptext3                 text3        001D74
__ptext4                 text4        000000
__ramtop                 ramtop       000200
__size_of_boot           (abs)        000000
__size_of_initialize     (abs)        000000
__size_of_main           (abs)        000000
__size_of_motor          (abs)        000000
__smallconst             smallconst   000000
_boot                    text2        001E52
_doorState               bssCOMRAM    000009
_initialize              text3        001D74
_main                    text0        001DA8
_motor                   text1        001F24
boot@i                   cstackCOMRAM 000002
boot@j                   cstackCOMRAM 000004
end_of_initialization    cinit        001D6E
intlevel0                text         000000
intlevel1                text         000000
intlevel2                text         000000
intlevel3                text         000000
main@NewControlInput     cstackCOMRAM 000008
main@OldControlInput     cstackCOMRAM 000007
motor@j                  cstackCOMRAM 000002
start                    init         000000
start_initialization     cinit        001D6A


FUNCTION INFORMATION:

 *************** function _main *****************
 Defined at:
		line 183 in file "Main.c"
 Parameters:    Size  Location     Type
		None
 Auto vars:     Size  Location     Type
  NewControlIn    1    7[COMRAM] unsigned char 
  OldControlIn    1    6[COMRAM] unsigned char 
 Return value:  Size  Location     Type
                  2   45[COMRAM] int 
 Registers used:
		wreg, status,2, status,0, prodl, prodh, cstack
 Tracked objects:
		On entry : 
		On exit  : 
		Unchanged: 
 Data sizes:     COMRAM   BANK0   BANK1
      Params:         0       0       0
      Locals:         2       0       0
      Temps:          1       0       0
      Totals:         3       0       0
Total ram usage:        3 bytes
 Hardware stack levels required when called:    1
 This function calls:
		_initialize
		_boot
		_motor
 This function is called by:
		Startup code after reset
 This function uses a non-reentrant model


 *************** function _motor *****************
 Defined at:
		line 155 in file "Main.c"
 Parameters:    Size  Location     Type
		None
 Auto vars:     Size  Location     Type
  j               2    1[COMRAM] int 
 Return value:  Size  Location     Type
		None               void
 Registers used:
		wreg, status,2, status,0
 Tracked objects:
		On entry : 
		On exit  : 
		Unchanged: 
 Data sizes:     COMRAM   BANK0   BANK1
      Params:         0       0       0
      Locals:         2       0       0
      Temps:          1       0       0
      Totals:         3       0       0
Total ram usage:        3 bytes
 Hardware stack levels used:    1
 This function calls:
		Nothing
 This function is called by:
		_main
 This function uses a non-reentrant model


 *************** function _boot *****************
 Defined at:
		line 133 in file "Main.c"
 Parameters:    Size  Location     Type
		None
 Auto vars:     Size  Location     Type
  j               2    3[COMRAM] int 
  i               2    1[COMRAM] int 
 Return value:  Size  Location     Type
		None               void
 Registers used:
		wreg, status,2, status,0
 Tracked objects:
		On entry : 
		On exit  : 
		Unchanged: 
 Data sizes:     COMRAM   BANK0   BANK1
      Params:         0       0       0
      Locals:         4       0       0
      Temps:          1       0       0
      Totals:         5       0       0
Total ram usage:        5 bytes
 Hardware stack levels used:    1
 This function calls:
		Nothing
 This function is called by:
		_main
 This function uses a non-reentrant model


 *************** function _initialize *****************
 Defined at:
		line 96 in file "Main.c"
 Parameters:    Size  Location     Type
		None
 Auto vars:     Size  Location     Type
		None
 Return value:  Size  Location     Type
		None               void
 Registers used:
		wreg, status,2
 Tracked objects:
		On entry : 
		On exit  : 
		Unchanged: 
 Data sizes:     COMRAM   BANK0   BANK1
      Params:         0       0       0
      Locals:         0       0       0
      Temps:          0       0       0
      Totals:         0       0       0
Total ram usage:        0 bytes
 Hardware stack levels used:    1
 This function calls:
		Nothing
 This function is called by:
		_main
 This function uses a non-reentrant model



MODULE INFORMATION

Module		Function		Class		Link	Load	Size
shared
		__initializatio		CODE           	1D6A	0000	4

shared estimated size: 4

Main.c
		_boot          		CODE           	1E52	0000	210
		_main          		CODE           	1DA8	0000	170
		_motor         		CODE           	1F24	0000	220
		_initialize    		CODE           	1D74	0000	52

Main.c estimated size: 652

